// Jest Snapshot v1, https://goo.gl/fbAQLP

exports[`Article Matches its snapshot 1`] = `
.emotion-1 {
  margin-left: auto;
  margin-right: auto;
  max-width: 620px;
  padding: 1rem;
}

.emotion-0 {
  width: 100%;
  margin-bottom: 0;
}

<article
  class="emotion-1"
>
  <p>
    <strong>
      Lorem
    </strong>
     
    <a
      href="https://dailybruin.com"
    >
      ipsum
    </a>
     dolor sit amet, consectetur adipiscing elit. Cras porttitor metus in pellentesque bibendum. Fusce rutrum sollicitudin finibus. Proin pellentesque leo enim, sed ultrices diam laoreet ut. Vivamus ut consequat nulla. Aenean sodales enim ut sapien rhoncus, in rhoncus metus mattis. Phasellus sed turpis tristique, tristique augue quis, lobortis est. Proin consectetur volutpat lacus, vitae luctus orci eleifend ac. Aliquam porttitor aliquet purus. Fusce condimentum eu sapien ut malesuada. Sed at nibh purus. Quisque et cursus nisl. Donec sed tincidunt ex.
  </p>
  <figure>
    <img
      alt="Ashworth Molthen playing water polo."
      class="emotion-0"
      src="https://dailybruin.com/images/2018/10/web.sp_.mwp_.nbk_.ADX_-640x461.jpg"
    />
    <figcaption>
      Freshman attacker Ashworth Molthen has registered 21 goals on the season, finding the back of the net in 13 of the 16 games so far this year for UCLA menâ€™s water polo. UCLA is one of two teams remaining in the MPSF conference that remains undefeated.
       (
      Amy Dixon/Photo Editor
      )
    </figcaption>
  </figure>
  <h2>
    Custom Header!
  </h2>
</article>
`;
