// Jest Snapshot v1, https://goo.gl/fbAQLP

exports[`Image Matches its snapshot 1`] = `
.emotion-0 {
  width: 100%;
}

<figure>
  <img
    alt="Ashworth Molthen playing water polo."
    class="emotion-0"
    src="http://dailybruin.com/images/2018/10/web.sp_.mwp_.nbk_.ADX_-640x461.jpg"
  />
  <figcaption>
    Freshman attacker Ashworth Molthen has registered 21 goals on the season, finding the back of the net in 13 of the 16 games so far this year for UCLA menâ€™s water polo. UCLA is one of two teams remaining in the MPSF conference that remains undefeated.
     (
    Amy Dixon/Photo editor
    )
  </figcaption>
</figure>
`;
